cabal-version:      3.0

-- Initial package description 'y' generated by
-- 'cabal init'. For further documentation, see:
--   http://haskell.org/cabal/users-guide/
-- 
-- The name of the package.
name:               y

-- The package version.
-- See the Haskell package versioning policy (PVP) for standards
-- guiding when and how versions should be incremented.
-- https://pvp.haskell.org
-- PVP summary:     +-+------- breaking API changes
--                  | | +----- non-breaking API additions
--                  | | | +--- code changes with no API change
version:            0.1.0.0

-- A short (one-line) description of the package.
synopsis:           synopsis

-- A longer description of the package.
-- description:

-- URL for the project homepage or repository.
homepage:           home

-- The license under which the package is released.
license:            BSD-3-Clause

-- The file containing the license text.
license-file:       LICENSE

-- The package author(s).
author:             foo-kmett

-- An email address to which users can send suggestions, bug reports, and patches.
maintainer:         foo-kmett@kmett.kmett

-- A copyright notice.
-- copyright:
category:           Data
build-type:         Simple

-- Extra doc files to be distributed with the package, such as a CHANGELOG or a README.
extra-doc-files:    CHANGELOG.md

-- Extra source files to be distributed with the package, such as examples, or a tutorial module.
-- extra-source-files:

library
    -- Modules exported by the library.
    exposed-modules:  MyLib

    -- Modules included in this library but not exported.
    -- other-modules:

    -- LANGUAGE extensions used by modules in this package.
    -- other-extensions:

    -- Other library packages from which modules are imported.
    build-depends:    base

    -- Directories containing source files.
    hs-source-dirs:   src

    -- Base language which the package is written in.
    default-language: Haskell98

executable y
    -- .hs or .lhs file containing the Main module.
    main-is:          Main.hs

    -- Modules included in this executable, other than Main.
    -- other-modules:

    -- LANGUAGE extensions used by modules in this package.
    -- other-extensions:

    -- Other library packages from which modules are imported.
    build-depends:
        base,
        y

    -- Directories containing source files.
    hs-source-dirs:   exe

    -- Base language which the package is written in.
    default-language: Haskell2010

test-suite y-test
    -- Base language which the package is written in.
    default-language: Haskell2010

    -- Modules included in this executable, other than Main.
    -- other-modules:

    -- LANGUAGE extensions used by modules in this package.
    -- other-extensions:

    -- The interface type and version of the test suite.
    type:             exitcode-stdio-1.0

    -- Directories containing source files.
    hs-source-dirs:   test

    -- The entrypoint to the test suite.
    main-is:          Main.hs

    -- Test dependencies.
    build-depends:
        base,
        y

