cabal-version:      3.0
name:               y
version:            0.1.0.0
synopsis:           synopsis

-- A longer description of the package.
-- description:
homepage:           home
license:            BSD-3-Clause
license-file:       LICENSE
author:             foo-kmett
maintainer:         foo-kmett@kmett.kmett

-- A copyright notice.
-- copyright:
category:           Data
build-type:         Simple
extra-doc-files:    CHANGELOG.md

-- Extra source files to be distributed with the package, such as examples, or a tutorial module.
-- extra-source-files:

library
    exposed-modules:  MyLib

    -- Modules included in this library but not exported.
    -- other-modules:

    -- LANGUAGE extensions used by modules in this package.
    -- other-extensions:
    build-depends:    base
    hs-source-dirs:   src
    default-language: Haskell98

test-suite y-test
    default-language: Haskell2010

    -- Modules included in this executable, other than Main.
    -- other-modules:

    -- LANGUAGE extensions used by modules in this package.
    -- other-extensions:
    type:             exitcode-stdio-1.0
    hs-source-dirs:   test
    main-is:          Main.hs
    build-depends:
        base,
        y

