library
    exposed-modules:  MyLib
    build-depends:    base
    hs-source-dirs:   src
    default-language: Haskell98
