test-suite y-test
    default-language: Haskell2010

    -- Modules included in this executable, other than Main.
    -- other-modules:

    -- LANGUAGE extensions used by modules in this package.
    -- other-extensions:
    type:             exitcode-stdio-1.0
    hs-source-dirs:   test
    main-is:          Main.hs
    build-depends:    base
