# cabal v2-build
This build is affected by the following project file(s):
- <ROOT>/cabal.project
Resolving dependencies...
Build profile: -w ghc-<GHCVER> -O1
In order, the following would be built:
 - issue6961-0 (lib:internal-lib) (first run)
 - issue6961-0 (test:example) (first run)
