Config file path source is commandline option.
Config file config-file not found.
Writing default configuration to config-file
find_me_in_output
