executable y
    main-is:          Main.hs

    -- Modules included in this executable, other than Main.
    -- other-modules:

    -- LANGUAGE extensions used by modules in this package.
    -- other-extensions:
    build-depends:    base
    hs-source-dirs:   exe
    default-language: Haskell2010
